###############################################################################
#
# IAR ELF Linker V9.30.1.335/W64 for ARM                  14/Apr/2023  08:53:23
# Copyright 2007-2022 IAR Systems AB.
#
#    Output file  =
#        C:\Users\sarao\Desktop\DST_1\Project\DT4012_Gr1\Debug\Exe\project.out
#    Map file     =
#        C:\Users\sarao\Desktop\DST_1\Project\DT4012_Gr1\Debug\List\project.map
#    Command line =
#        -f
#        C:\Users\sarao\Desktop\DST_1\Project\DT4012_Gr1\Debug\Exe\project.out.rsp
#        (C:\Users\sarao\Desktop\DST_1\Project\DT4012_Gr1\Debug\Obj\Source\ADC.o
#        C:\Users\sarao\Desktop\DST_1\Project\DT4012_Gr1\Debug\Obj\System\cstartup.o
#        C:\Users\sarao\Desktop\DST_1\Project\DT4012_Gr1\Debug\Obj\Source\display.o
#        C:\Users\sarao\Desktop\DST_1\Project\DT4012_Gr1\Debug\Obj\System\exceptions.o
#        C:\Users\sarao\Desktop\DST_1\Project\DT4012_Gr1\Debug\Obj\Source\keypad.o
#        C:\Users\sarao\Desktop\DST_1\Project\DT4012_Gr1\Debug\Obj\Source\linkedList.o
#        C:\Users\sarao\Desktop\DST_1\Project\DT4012_Gr1\Debug\Obj\Source\main.o
#        C:\Users\sarao\Desktop\DST_1\Project\DT4012_Gr1\Debug\Obj\Source\mainMenu.o
#        C:\Users\sarao\Desktop\DST_1\Project\DT4012_Gr1\Debug\Obj\Source\PWM.o
#        C:\Users\sarao\Desktop\DST_1\Project\DT4012_Gr1\Debug\Obj\System\startup_sam3x.o
#        C:\Users\sarao\Desktop\DST_1\Project\DT4012_Gr1\Debug\Obj\System\system_sam3x.o
#        C:\Users\sarao\Desktop\DST_1\Project\DT4012_Gr1\Debug\Obj\Source\temp.o
#        C:\Users\sarao\Desktop\DST_1\Project\DT4012_Gr1\Debug\Obj\Source\timeDate.o
#        --no_out_extension -o
#        C:\Users\sarao\Desktop\DST_1\Project\DT4012_Gr1\Debug\Exe\project.out
#        --redirect _Printf=_PrintfFullNoMb --redirect _Scanf=_ScanfFullNoMb
#        --map
#        C:\Users\sarao\Desktop\DST_1\Project\DT4012_Gr1\Debug\List\project.map
#        --config "C:\Program Files\IAR Systems\Embedded Workbench
#        9.1\arm\config\linker\Microchip\sam3x8\sram.icf" --semihosting --entry
#        __iar_program_start --vfe --text_out locale --cpu=Cortex-M3
#        --fpu=None)
#
###############################################################################

*******************************************************************************
*** RUNTIME MODEL ATTRIBUTES
***

CppFlavor       = *
__CPP_Runtime   = 1
__Heap_Handler  = Basic
__SystemLibrary = DLib
__dlib_version  = 6


*******************************************************************************
*** HEAP SELECTION
***

The basic heap was selected because --advanced_heap
was not specified and the application did not appear to
be primarily optimized for speed.


*******************************************************************************
*** PLACEMENT SUMMARY
***

"A0":  place at address 0x2007'0000 { ro section .intvec };
"P1":  place in [from 0x2007'0000 to 0x2008'7fff] { ro };
define block CSTACK with size = 4K, alignment = 8 { };
define block HEAP with size = 8K, alignment = 8 { };
"P2":  place in [from 0x2007'0000 to 0x2008'7fff] {
          rw, block CSTACK, block HEAP };
initialize by copy with packing = none, complex ranges { rw };

  Section            Kind         Address    Size  Object
  -------            ----         -------    ----  ------
"A0":                                        0xf4
  .intvec                     0x2007'0000    0xf4  <Block>
    .intvec          const    0x2007'0000    0xf4  startup_sam3x.o [2]
                            - 0x2007'00f4    0xf4

"P1-P2", part 1 of 3:                      0x3124
  .text              ro code  0x2007'00f4   0xa34  temp.o [1]
  .text              ro code  0x2007'0b28   0x280  display.o [1]
  .text              ro code  0x2007'0da8   0x13c  heap0.o [3]
  .text              ro code  0x2007'0ee4    0x22  S32ToDbl.o [4]
  .text              ro code  0x2007'0f06    0x2a  copy_init3.o [5]
  .text              ro code  0x2007'0f30   0x25e  DblAddSub.o [4]
  .text              ro code  0x2007'118e    0xbe  linkedList.o [1]
  .text              ro code  0x2007'124c    0x34  DblCmpLe.o [4]
  .text              ro code  0x2007'1280    0x1c  U32ToDbl.o [4]
  .text              ro code  0x2007'129c    0x22  DblToU32.o [4]
  .text              ro code  0x2007'12be     0x2  exceptions.o [2]
  .text              ro code  0x2007'12c0    0x36  DblToS32.o [4]
  .text              ro code  0x2007'12f8    0x2c  xgetmemchunk.o [3]
  .text              ro code  0x2007'1324     0x4  heaptramp0.o [3]
  .text              ro code  0x2007'1328   0x62c  timeDate.o [1]
  .text              ro code  0x2007'1954   0x5e0  ADC.o [1]
  .text              ro code  0x2007'1f34   0x1aa  DblMul.o [4]
  .text              ro code  0x2007'20e0   0x3d4  PWM.o [1]
  .text              ro code  0x2007'24b4   0x246  DblDiv.o [4]
  .text              ro code  0x2007'26fc    0x34  DblCmpGe.o [4]
  .text              ro code  0x2007'2730   0x414  mainMenu.o [1]
  .text              ro code  0x2007'2b44   0x11c  main.o [1]
  .text              ro code  0x2007'2c60    0xa0  system_sam3x.o [2]
  .text              ro code  0x2007'2d00    0xb0  keypad.o [1]
  .text              ro code  0x2007'2db0    0x38  zero_init3.o [5]
  .text              ro code  0x2007'2de8    0x30  startup_sam3x.o [2]
  .text              ro code  0x2007'2e18     0xc  cstartup.o [2]
  .text              ro code  0x2007'2e24    0x1e  cmain.o [5]
  .text              ro code  0x2007'2e44    0x28  data_init.o [5]
  .text              ro code  0x2007'2e6c     0x4  exit.o [3]
  .text              ro code  0x2007'2e70     0xa  cexit.o [5]
  .text              ro code  0x2007'2e7c    0x14  exit.o [6]
  .iar.init_table    const    0x2007'2e90    0x24  - Linker created -
  .rodata            const    0x2007'2eb4    0x20  mainMenu.o [1]
  .rodata            const    0x2007'2ed4    0x20  mainMenu.o [1]
  .rodata            const    0x2007'2ef4    0x20  mainMenu.o [1]
  .rodata            const    0x2007'2f14    0x20  temp.o [1]
  .rodata            const    0x2007'2f34    0x1c  ADC.o [1]
  .rodata            const    0x2007'2f50    0x1c  mainMenu.o [1]
  .rodata            const    0x2007'2f6c    0x1c  mainMenu.o [1]
  .rodata            const    0x2007'2f88    0x1c  mainMenu.o [1]
  .rodata            const    0x2007'2fa4    0x1c  timeDate.o [1]
  .rodata            const    0x2007'2fc0    0x18  ADC.o [1]
  .rodata            const    0x2007'2fd8    0x18  ADC.o [1]
  .rodata            const    0x2007'2ff0    0x18  ADC.o [1]
  .rodata            const    0x2007'3008    0x18  ADC.o [1]
  .rodata            const    0x2007'3020    0x18  mainMenu.o [1]
  .rodata            const    0x2007'3038    0x18  mainMenu.o [1]
  .rodata            const    0x2007'3050    0x18  mainMenu.o [1]
  .rodata            const    0x2007'3068    0x18  temp.o [1]
  .rodata            const    0x2007'3080    0x18  timeDate.o [1]
  .rodata            const    0x2007'3098    0x14  ADC.o [1]
  .rodata            const    0x2007'30ac    0x14  ADC.o [1]
  .rodata            const    0x2007'30c0    0x14  ADC.o [1]
  .rodata            const    0x2007'30d4    0x14  mainMenu.o [1]
  .rodata            const    0x2007'30e8    0x14  mainMenu.o [1]
  .rodata            const    0x2007'30fc    0x14  mainMenu.o [1]
  .rodata            const    0x2007'3110    0x14  temp.o [1]
  .rodata            const    0x2007'3124    0x14  temp.o [1]
  .rodata            const    0x2007'3138    0x14  temp.o [1]
  .rodata            const    0x2007'314c    0x14  timeDate.o [1]
  .rodata            const    0x2007'3160    0x10  mainMenu.o [1]
  .rodata            const    0x2007'3170    0x10  mainMenu.o [1]
  .rodata            const    0x2007'3180    0x10  temp.o [1]
  .rodata            const    0x2007'3190    0x10  temp.o [1]
  .rodata            const    0x2007'31a0     0x0  zero_init3.o [5]
  .rodata            const    0x2007'31a0     0x0  copy_init3.o [5]
  P1-P2 s0                    0x2007'31a0    0x3c  <Init block>
    .data            inited   0x2007'31a0    0x10  keypad.o [1]
    .data            inited   0x2007'31b0     0xc  keypad.o [1]
    .data            inited   0x2007'31bc     0x4  system_sam3x.o [2]
    .data            inited   0x2007'31c0     0x4  temp.o [1]
    .data            inited   0x2007'31c4     0x4  temp.o [1]
    .data            inited   0x2007'31c8     0x4  temp.o [1]
    .data            inited   0x2007'31cc     0x4  timeDate.o [1]
    .data            inited   0x2007'31d0     0x4  timeDate.o [1]
    .data            inited   0x2007'31d4     0x4  timeDate.o [1]
    .data            inited   0x2007'31d8     0x1  mainMenu.o [1]
  Initializer bytes  const    0x2007'31dc    0x3c  <for P1-P2 s0>
                            - 0x2007'3218  0x3124

"P1-P2", part 2 of 3:                        0x98
  .bss               zero     0x2007'3218    0x1c  temp.o [1]
  .bss               zero     0x2007'3234     0x4  ADC.o [1]
  .bss               zero     0x2007'3238     0x8  ADC.o [1]
  .bss               zero     0x2007'3240     0x8  ADC.o [1]
  .bss               zero     0x2007'3248     0x8  PWM.o [1]
  .bss               zero     0x2007'3250     0x8  temp.o [1]
  .bss               zero     0x2007'3258     0x8  heap0.o [3]
  .bss               zero     0x2007'3260     0x4  ADC.o [1]
  .bss               zero     0x2007'3264     0x4  ADC.o [1]
  .bss               zero     0x2007'3268     0x4  ADC.o [1]
  .bss               zero     0x2007'326c     0x4  ADC.o [1]
  .bss               zero     0x2007'3270     0x4  main.o [1]
  .bss               zero     0x2007'3274     0x4  PWM.o [1]
  .bss               zero     0x2007'3278     0x4  temp.o [1]
  .bss               zero     0x2007'327c     0x4  temp.o [1]
  .bss               zero     0x2007'3280     0x4  temp.o [1]
  .bss               zero     0x2007'3284     0x4  temp.o [1]
  .bss               zero     0x2007'3288     0x4  temp.o [1]
  .bss               zero     0x2007'328c     0x4  timeDate.o [1]
  .bss               zero     0x2007'3290     0x4  timeDate.o [1]
  .bss               zero     0x2007'3294     0x4  timeDate.o [1]
  .bss               zero     0x2007'3298     0x4  timeDate.o [1]
  .bss               zero     0x2007'329c     0x4  timeDate.o [1]
  .bss               zero     0x2007'32a0     0x4  timeDate.o [1]
  .bss               zero     0x2007'32a4     0x4  timeDate.o [1]
  .bss               zero     0x2007'32a8     0x4  timeDate.o [1]
  .bss               zero     0x2007'32ac     0x4  xgetmemchunk.o [3]
                            - 0x2007'32b0    0x98

"P1-P2", part 3 of 3:                      0x3000
  CSTACK                      0x2007'32b0  0x1000  <Block>
    CSTACK           uninit   0x2007'32b0  0x1000  <Block tail>
  HEAP                        0x2007'42b0  0x2000  <Block>
    HEAP             uninit   0x2007'42b0  0x2000  <Block tail>
                            - 0x2007'62b0  0x3000

Unused ranges:

         From           To      Size
         ----           --      ----
  0x2007'62b0  0x2008'7fff  0x1'1d50


*******************************************************************************
*** INIT TABLE
***

          Address      Size
          -------      ----
Zero (__iar_zero_init3)
    1 destination range, total size 0x98:
          0x2007'3218  0x98

Copy (__iar_copy_init3)
    1 source range, total size 0x3c (105% of destination):
          0x2007'31dc  0x3c
    1 destination range, total size 0x39:
          0x2007'31a0  0x39



*******************************************************************************
*** MODULE SUMMARY
***

    Module           ro code  ro data  rw data
    ------           -------  -------  -------
command line/config:
    ------------------------------------------
    Total:

C:\Users\sarao\Desktop\DST_1\Project\DT4012_Gr1\Debug\Obj\Source: [1]
    ADC.o              1'504      184       36
    PWM.o                980                12
    display.o            640
    keypad.o             176       28       28
    linkedList.o         190
    main.o               284                 4
    mainMenu.o         1'044      345        1
    temp.o             2'612      160       68
    timeDate.o         1'580       84       44
    ------------------------------------------
    Total:             9'010      801      193

C:\Users\sarao\Desktop\DST_1\Project\DT4012_Gr1\Debug\Obj\System: [2]
    cstartup.o            12
    exceptions.o           2
    startup_sam3x.o       48      244
    system_sam3x.o       160        4        4
    ------------------------------------------
    Total:               222      248        4

dl7M_tln.a: [3]
    exit.o                 4
    heap0.o              316                 8
    heaptramp0.o           4
    xgetmemchunk.o        44                 4
    ------------------------------------------
    Total:               368                12

m7M_tl.a: [4]
    DblAddSub.o          606
    DblCmpGe.o            52
    DblCmpLe.o            52
    DblDiv.o             582
    DblMul.o             426
    DblToS32.o            54
    DblToU32.o            34
    S32ToDbl.o            34
    U32ToDbl.o            28
    ------------------------------------------
    Total:             1'868

rt7M_tl.a: [5]
    cexit.o               10
    cmain.o               30
    copy_init3.o          42
    data_init.o           40
    zero_init3.o          56
    ------------------------------------------
    Total:               178

shb_l.a: [6]
    exit.o                20
    ------------------------------------------
    Total:                20

    Gaps                  10
    Linker created                 39   12'288
----------------------------------------------
    Grand Total:      11'676    1'088   12'497


*******************************************************************************
*** ENTRY LIST
***

Entry                       Address   Size  Type      Object
-----                       -------   ----  ----      ------
.iar.init_table$$Base   0x2007'2e90          --   Gb  - Linker created -
.iar.init_table$$Limit  0x2007'2eb4          --   Gb  - Linker created -
.intvec$$Base           0x2007'0000          --   Gb  - Linker created -
.intvec$$Limit          0x2007'00f4          --   Gb  - Linker created -
?main                   0x2007'2e25         Code  Gb  cmain.o [5]
ADC1                    0x2007'3238    0x8  Data  Gb  ADC.o [1]
ADC2                    0x2007'3240    0x8  Data  Gb  ADC.o [1]
ADCFlag                 0x2007'3234    0x4  Data  Gb  ADC.o [1]
ADC_Handler             0x2007'1a1b   0x66  Code  Gb  ADC.o [1]
Aldata                  0x2007'3258    0x8  Data  Lc  heap0.o [3]
BusFault_Handler        0x2007'12bf    0x2  Code  Wk  exceptions.o [2]
CAN0_Handler            0x2007'12bf    0x2  Code  Wk  exceptions.o [2]
CAN1_Handler            0x2007'12bf    0x2  Code  Wk  exceptions.o [2]
CSTACK$$Base            0x2007'32b0          --   Gb  - Linker created -
CSTACK$$Limit           0x2007'42b0          --   Gb  - Linker created -
DACC_Handler            0x2007'12bf    0x2  Code  Wk  exceptions.o [2]
DMAC_Handler            0x2007'12bf    0x2  Code  Wk  exceptions.o [2]
DebugMon_Handler        0x2007'12bf    0x2  Code  Wk  exceptions.o [2]
Delay                   0x2007'0b29    0xe  Code  Gb  display.o [1]
Dummy_Handler           0x2007'12bf    0x2  Code  Gb  exceptions.o [2]
EFC0_Handler            0x2007'12bf    0x2  Code  Wk  exceptions.o [2]
EFC1_Handler            0x2007'12bf    0x2  Code  Wk  exceptions.o [2]
HEAP$$Base              0x2007'42b0          --   Gb  - Linker created -
HEAP$$Limit             0x2007'62b0          --   Gb  - Linker created -
HSMCI_Handler           0x2007'12bf    0x2  Code  Wk  exceptions.o [2]
HardFault_Handler       0x2007'12bf    0x2  Code  Wk  exceptions.o [2]
Init_ADC                0x2007'19a9   0x72  Code  Gb  ADC.o [1]
Init_Display            0x2007'0c6d   0x6a  Code  Gb  display.o [1]
Init_PWM                0x2007'20e1   0x34  Code  Gb  PWM.o [1]
Init_Temp               0x2007'0149   0xc2  Code  Gb  temp.o [1]
MemManage_Handler       0x2007'12bf    0x2  Code  Wk  exceptions.o [2]
NMI_Handler             0x2007'12bf    0x2  Code  Wk  exceptions.o [2]
NVIC_ClearPendingIRQ    0x2007'196b   0x16  Code  Lc  ADC.o [1]
NVIC_ClearPendingIRQ    0x2007'010b   0x16  Code  Lc  temp.o [1]
NVIC_EnableIRQ          0x2007'1955   0x16  Code  Lc  ADC.o [1]
NVIC_EnableIRQ          0x2007'00f5   0x16  Code  Lc  temp.o [1]
NVIC_SetPriority        0x2007'1981   0x28  Code  Lc  ADC.o [1]
NVIC_SetPriority        0x2007'2b45   0x24  Code  Lc  main.o [1]
NVIC_SetPriority        0x2007'0121   0x28  Code  Lc  temp.o [1]
PIOA_Handler            0x2007'12bf    0x2  Code  Wk  exceptions.o [2]
PIOB_Handler            0x2007'12bf    0x2  Code  Wk  exceptions.o [2]
PIOC_Handler            0x2007'12bf    0x2  Code  Wk  exceptions.o [2]
PIOD_Handler            0x2007'12bf    0x2  Code  Wk  exceptions.o [2]
PMC_Handler             0x2007'12bf    0x2  Code  Wk  exceptions.o [2]
PWM_Handler             0x2007'12bf    0x2  Code  Wk  exceptions.o [2]
PWM_Move                0x2007'2115   0x3c  Code  Gb  PWM.o [1]
PWM_rotate              0x2007'2151  0x2b8  Code  Gb  PWM.o [1]
PendSV_Handler          0x2007'12bf    0x2  Code  Wk  exceptions.o [2]
RSTC_Handler            0x2007'12bf    0x2  Code  Wk  exceptions.o [2]
RTC_Handler             0x2007'12bf    0x2  Code  Wk  exceptions.o [2]
RTT_Handler             0x2007'12bf    0x2  Code  Wk  exceptions.o [2]
Read_Status_Display     0x2007'0b37   0x5a  Code  Gb  display.o [1]
Read_Temperature        0x2007'026d   0x30  Code  Gb  temp.o [1]
Region$$Table$$Base     0x2007'2e90          --   Gb  - Linker created -
Region$$Table$$Limit    0x2007'2eb4          --   Gb  - Linker created -
Reset_Handler           0x2007'2e11    0x8  Code  Gb  startup_sam3x.o [2]
SPI0_Handler            0x2007'12bf    0x2  Code  Wk  exceptions.o [2]
SSC_Handler             0x2007'12bf    0x2  Code  Wk  exceptions.o [2]
SUPC_Handler            0x2007'12bf    0x2  Code  Wk  exceptions.o [2]
SVC_Handler             0x2007'12bf    0x2  Code  Wk  exceptions.o [2]
Set_Keypad              0x2007'2d01   0x22  Code  Gb  keypad.o [1]
SysTick_Config          0x2007'2b69   0x30  Code  Lc  main.o [1]
SysTick_Handler         0x2007'1329  0x100  Code  Gb  timeDate.o [1]
SystemCoreClock         0x2007'31bc    0x4  Data  Gb  system_sam3x.o [2]
SystemInit              0x2007'2c61   0x6e  Code  Gb  system_sam3x.o [2]
TC0_Handler             0x2007'025b   0x12  Code  Gb  temp.o [1]
TC1_Handler             0x2007'12bf    0x2  Code  Wk  exceptions.o [2]
TC2_Handler             0x2007'12bf    0x2  Code  Wk  exceptions.o [2]
TC3_Handler             0x2007'12bf    0x2  Code  Wk  exceptions.o [2]
TC4_Handler             0x2007'12bf    0x2  Code  Wk  exceptions.o [2]
TC5_Handler             0x2007'12bf    0x2  Code  Wk  exceptions.o [2]
TRNG_Handler            0x2007'12bf    0x2  Code  Wk  exceptions.o [2]
TWI0_Handler            0x2007'12bf    0x2  Code  Wk  exceptions.o [2]
TWI1_Handler            0x2007'12bf    0x2  Code  Wk  exceptions.o [2]
UART_Handler            0x2007'12bf    0x2  Code  Wk  exceptions.o [2]
UOTGHS_Handler          0x2007'12bf    0x2  Code  Wk  exceptions.o [2]
USART0_Handler          0x2007'12bf    0x2  Code  Wk  exceptions.o [2]
USART1_Handler          0x2007'12bf    0x2  Code  Wk  exceptions.o [2]
USART2_Handler          0x2007'12bf    0x2  Code  Wk  exceptions.o [2]
UsageFault_Handler      0x2007'12bf    0x2  Code  Wk  exceptions.o [2]
WDT_Handler             0x2007'12bf    0x2  Code  Wk  exceptions.o [2]
Write_Command_2_Display
                        0x2007'0bff   0x6e  Code  Gb  display.o [1]
Write_Data_2_Display    0x2007'0b91   0x6e  Code  Gb  display.o [1]
__aeabi_cdcmple         0x2007'124d         Code  Gb  DblCmpLe.o [4]
__aeabi_cdrcmple        0x2007'26fd         Code  Gb  DblCmpGe.o [4]
__aeabi_d2iz            0x2007'12c1         Code  Gb  DblToS32.o [4]
__aeabi_d2uiz           0x2007'129d         Code  Gb  DblToU32.o [4]
__aeabi_dadd            0x2007'0f31         Code  Gb  DblAddSub.o [4]
__aeabi_ddiv            0x2007'24b5         Code  Gb  DblDiv.o [4]
__aeabi_dmul            0x2007'1f35         Code  Gb  DblMul.o [4]
__aeabi_dsub            0x2007'10ad         Code  Gb  DblAddSub.o [4]
__aeabi_i2d             0x2007'0ee5         Code  Gb  S32ToDbl.o [4]
__aeabi_ui2d            0x2007'1281         Code  Gb  U32ToDbl.o [4]
__basic_free            0x2007'0e55   0x16  Code  Gb  heap0.o [3]
__basic_free_intern     0x2007'0e6b   0x74  Code  Lc  heap0.o [3]
__basic_malloc          0x2007'0da9   0x18  Code  Gb  heap0.o [3]
__basic_malloc_intern   0x2007'0dc1   0x94  Code  Lc  heap0.o [3]
__cmain                 0x2007'2e25         Code  Gb  cmain.o [5]
__data_GetMemChunk      0x2007'12f9   0x2c  Code  Gb  xgetmemchunk.o [3]
__data_GetMemChunk::start
                        0x2007'32ac    0x4  Data  Lc  xgetmemchunk.o [3]
__exit                  0x2007'2e7d   0x14  Code  Gb  exit.o [6]
__iar_copy_init3        0x2007'0f07   0x2a  Code  Gb  copy_init3.o [5]
__iar_data_init3        0x2007'2e45   0x28  Code  Gb  data_init.o [5]
__iar_program_start     0x2007'2e19         Code  Gb  cstartup.o [2]
__iar_zero_init3        0x2007'2db1   0x38  Code  Gb  zero_init3.o [5]
__low_level_init        0x2007'2de9   0x20  Code  Gb  startup_sam3x.o [2]
__vector_table          0x2007'0000   0xf4  Data  Gb  startup_sam3x.o [2]
_call_main              0x2007'2e31         Code  Gb  cmain.o [5]
_exit                   0x2007'2e71         Code  Gb  cexit.o [5]
alarmCheck              0x2007'0a23   0x44  Code  Gb  temp.o [1]
angle                   0x2007'3274    0x4  Data  Gb  PWM.o [1]
button                  0x2007'3270    0x4  Data  Gb  main.o [1]
clearDisplay            0x2007'0d01   0x3a  Code  Gb  display.o [1]
column                  0x2007'31b0    0xc  Data  Gb  keypad.o [1]
configLimits            0x2007'3288    0x4  Data  Gb  temp.o [1]
counter                 0x2007'3294    0x4  Data  Gb  timeDate.o [1]
currentTime             0x2007'3284    0x4  Data  Gb  temp.o [1]
darkness                0x2007'3268    0x4  Data  Gb  ADC.o [1]
data                    0x2007'3218   0x1c  Data  Gb  temp.o [1]
day                     0x2007'31cc    0x4  Data  Gb  timeDate.o [1]
dayNumber               0x2007'3278    0x4  Data  Gb  temp.o [1]
diff                    0x2007'3248    0x8  Data  Gb  PWM.o [1]
disable_keypad          0x2007'2d23    0x8  Code  Gb  keypad.o [1]
displayRow              0x2007'0d3b   0x22  Code  Gb  display.o [1]
displySpaces            0x2007'0d5d   0x1c  Code  Gb  display.o [1]
exit                    0x2007'2e6d    0x4  Code  Gb  exit.o [3]
fastMode                0x2007'3290    0x4  Data  Gb  timeDate.o [1]
free                    0x2007'1325    0x4  Code  Gb  heaptramp0.o [3]
freeList                0x2007'11bd   0x1c  Code  Gb  linkedList.o [1]
func                    0x2007'2d2b   0x62  Code  Gb  keypad.o [1]
getMax                  0x2007'122b   0x22  Code  Gb  linkedList.o [1]
getMin                  0x2007'1209   0x22  Code  Gb  linkedList.o [1]
hour                    0x2007'3298    0x4  Data  Gb  timeDate.o [1]
houseLight              0x2007'1a81   0x7e  Code  Gb  ADC.o [1]
insertFirst             0x2007'11b5    0x8  Code  Gb  linkedList.o [1]
ledLight                0x2007'3260    0x4  Data  Gb  ADC.o [1]
linkedListRecords       0x2007'032b  0x148  Code  Gb  temp.o [1]
lowerLimit              0x2007'31c8    0x4  Data  Gb  temp.o [1]
main                    0x2007'2b99   0x86  Code  Gb  main.o [1]
mainMenu                0x2007'2731  0x414  Code  Gb  mainMenu.o [1]
minute                  0x2007'329c    0x4  Data  Gb  timeDate.o [1]
minutesOfLighting       0x2007'326c    0x4  Data  Gb  ADC.o [1]
month                   0x2007'31d0    0x4  Data  Gb  timeDate.o [1]
monthDays               0x2007'1429   0x5e  Code  Gb  timeDate.o [1]
newRecord               0x2007'118f   0x26  Code  Gb  linkedList.o [1]
numbChange              0x2007'32a4    0x4  Data  Gb  timeDate.o [1]
printData               0x2007'04e5  0x31e  Code  Gb  temp.o [1]
printLight              0x2007'1aff  0x398  Code  Gb  ADC.o [1]
printLimit              0x2007'089f  0x184  Code  Gb  temp.o [1]
printTime               0x2007'1487  0x270  Code  Gb  timeDate.o [1]
printWord               0x2007'0d79   0x30  Code  Gb  display.o [1]
recordCheck             0x2007'3280    0x4  Data  Gb  temp.o [1]
recordCounter           0x2007'328c    0x4  Data  Gb  timeDate.o [1]
resetCounter            0x2007'327c    0x4  Data  Gb  temp.o [1]
row                     0x2007'31a0   0x10  Data  Gb  keypad.o [1]
scrCase                 0x2007'31d8    0x1  Data  Gb  mainMenu.o [1]
second                  0x2007'32a0    0x4  Data  Gb  timeDate.o [1]
setLimits               0x2007'0803   0x9c  Code  Gb  temp.o [1]
setTime                 0x2007'16f7  0x208  Code  Gb  timeDate.o [1]
signalReading           0x2007'0223   0x38  Code  Gb  temp.o [1]
signalReseting          0x2007'020b   0x18  Code  Gb  temp.o [1]
size                    0x2007'11f3   0x16  Code  Gb  linkedList.o [1]
sum                     0x2007'11d9   0x1a  Code  Gb  linkedList.o [1]
sunLight                0x2007'3264    0x4  Data  Gb  ADC.o [1]
tempFlag                0x2007'31c0    0x4  Data  Gb  temp.o [1]
temperatureReading      0x2007'029d   0x8e  Code  Gb  temp.o [1]
temprature              0x2007'3250    0x8  Data  Gb  temp.o [1]
timeSet                 0x2007'32a8    0x4  Data  Gb  timeDate.o [1]
upperLimit              0x2007'31c4    0x4  Data  Gb  temp.o [1]
weekData                0x2007'0473   0x72  Code  Gb  temp.o [1]
year                    0x2007'31d4    0x4  Data  Gb  timeDate.o [1]


[1] = C:\Users\sarao\Desktop\DST_1\Project\DT4012_Gr1\Debug\Obj\Source
[2] = C:\Users\sarao\Desktop\DST_1\Project\DT4012_Gr1\Debug\Obj\System
[3] = dl7M_tln.a
[4] = m7M_tl.a
[5] = rt7M_tl.a
[6] = shb_l.a

  11'676 bytes of readonly  code memory
   1'088 bytes of readonly  data memory
  12'497 bytes of readwrite data memory

Errors: none
Warnings: none
